Copyright 1986-2020 Xilinx, Inc. All Rights Reserved.
---------------------------------------------------------------------------------------------------------------
| Tool Version : Vivado v.2020.2 (win64) Build 3064766 Wed Nov 18 09:12:45 MST 2020
| Date         : Fri Oct  2 11:58:45 2026
| Host         : DESKTOP-MMGBMBO running 64-bit major release  (build 9200)
| Command      : report_methodology -file D:/GIT/MyPrj/axi4-full-timeout-checker/reports/synth/methodology.rpt
| Design       : axi4_timeout_checker
| Device       : xc7a35tcpg236-1
| Speed File   : -1
| Design State : Synthesized
---------------------------------------------------------------------------------------------------------------

Report Methodology

Table of Contents
-----------------
1. REPORT SUMMARY
2. REPORT DETAILS

1. REPORT SUMMARY
-----------------
            Netlist: axi4_timeout_checker
          Floorplan: design_1
      Design limits: <entire design considered>
             Max violations: <unlimited>
             Violations found: 18
+-----------+----------+-------------------------------+------------+
| Rule      | Severity | Description                   | Violations |
+-----------+----------+-------------------------------+------------+
| TIMING-18 | Warning  | Missing input or output delay | 18         |
+-----------+----------+-------------------------------+------------+

2. REPORT DETAILS
-----------------
TIMING-18#1 Warning
Missing input or output delay  
An input delay is missing on arready relative to clock(s) aclk
Related violations: <none>

TIMING-18#2 Warning
Missing input or output delay  
An input delay is missing on arvalid relative to clock(s) aclk
Related violations: <none>

TIMING-18#3 Warning
Missing input or output delay  
An input delay is missing on awready relative to clock(s) aclk
Related violations: <none>

TIMING-18#4 Warning
Missing input or output delay  
An input delay is missing on awvalid relative to clock(s) aclk
Related violations: <none>

TIMING-18#5 Warning
Missing input or output delay  
An input delay is missing on bready relative to clock(s) aclk
Related violations: <none>

TIMING-18#6 Warning
Missing input or output delay  
An input delay is missing on bvalid relative to clock(s) aclk
Related violations: <none>

TIMING-18#7 Warning
Missing input or output delay  
An input delay is missing on rlast relative to clock(s) aclk
Related violations: <none>

TIMING-18#8 Warning
Missing input or output delay  
An input delay is missing on rready relative to clock(s) aclk
Related violations: <none>

TIMING-18#9 Warning
Missing input or output delay  
An input delay is missing on rvalid relative to clock(s) aclk
Related violations: <none>

TIMING-18#10 Warning
Missing input or output delay  
An input delay is missing on wlast relative to clock(s) aclk
Related violations: <none>

TIMING-18#11 Warning
Missing input or output delay  
An input delay is missing on wready relative to clock(s) aclk
Related violations: <none>

TIMING-18#12 Warning
Missing input or output delay  
An input delay is missing on wvalid relative to clock(s) aclk
Related violations: <none>

TIMING-18#13 Warning
Missing input or output delay  
An output delay is missing on timeout_irq relative to clock(s) aclk
Related violations: <none>

TIMING-18#14 Warning
Missing input or output delay  
An output delay is missing on timeout_status[0] relative to clock(s) aclk
Related violations: <none>

TIMING-18#15 Warning
Missing input or output delay  
An output delay is missing on timeout_status[1] relative to clock(s) aclk
Related violations: <none>

TIMING-18#16 Warning
Missing input or output delay  
An output delay is missing on timeout_status[2] relative to clock(s) aclk
Related violations: <none>

TIMING-18#17 Warning
Missing input or output delay  
An output delay is missing on timeout_status[3] relative to clock(s) aclk
Related violations: <none>

TIMING-18#18 Warning
Missing input or output delay  
An output delay is missing on timeout_status[4] relative to clock(s) aclk
Related violations: <none>


