Copyright 1986-2020 Xilinx, Inc. All Rights Reserved.
---------------------------------------------------------------------------------------------------------------------------------------------------
| Tool Version : Vivado v.2020.2 (win64) Build 3064766 Wed Nov 18 09:12:45 MST 2020
| Date         : Fri Oct  2 11:58:44 2026
| Host         : DESKTOP-MMGBMBO running 64-bit major release  (build 9200)
| Command      : report_timing_summary -delay_type max -max_paths 10 -file D:/GIT/MyPrj/axi4-full-timeout-checker/reports/synth/timing_summary.rpt
| Design       : axi4_timeout_checker
| Device       : 7a35t-cpg236
| Speed File   : -1  PRODUCTION 1.23 2018-06-13
---------------------------------------------------------------------------------------------------------------------------------------------------

Timing Summary Report

------------------------------------------------------------------------------------------------
| Timer Settings
| --------------
------------------------------------------------------------------------------------------------

  Enable Multi Corner Analysis               :  Yes
  Enable Pessimism Removal                   :  Yes
  Pessimism Removal Resolution               :  Nearest Common Node
  Enable Input Delay Default Clock           :  No
  Enable Preset / Clear Arcs                 :  No
  Disable Flight Delays                      :  No
  Ignore I/O Paths                           :  No
  Timing Early Launch at Borrowing Latches   :  No
  Borrow Time for Max Delay Exceptions       :  Yes
  Merge Timing Exceptions                    :  Yes

  Corner  Analyze    Analyze    
  Name    Max Paths  Min Paths  
  ------  ---------  ---------  
  Slow    Yes        Yes        
  Fast    Yes        Yes        



check_timing report

Table of Contents
-----------------
1. checking no_clock (0)
2. checking constant_clock (0)
3. checking pulse_width_clock (0)
4. checking unconstrained_internal_endpoints (0)
5. checking no_input_delay (13)
6. checking no_output_delay (6)
7. checking multiple_clock (0)
8. checking generated_clocks (0)
9. checking loops (0)
10. checking partial_input_delay (0)
11. checking partial_output_delay (0)
12. checking latch_loops (0)

1. checking no_clock (0)
------------------------
 There are 0 register/latch pins with no clock.


2. checking constant_clock (0)
------------------------------
 There are 0 register/latch pins with constant_clock.


3. checking pulse_width_clock (0)
---------------------------------
 There are 0 register/latch pins which need pulse_width check


4. checking unconstrained_internal_endpoints (0)
------------------------------------------------
 There are 0 pins that are not constrained for maximum delay.

 There are 0 pins that are not constrained for maximum delay due to constant clock.


5. checking no_input_delay (13)
-------------------------------
 There are 12 input ports with no input delay specified. (HIGH)

 There is 1 input port with no input delay but user has a false path constraint. (MEDIUM)


6. checking no_output_delay (6)
-------------------------------
 There are 6 ports with no output delay specified. (HIGH)

 There are 0 ports with no output delay but user has a false path constraint

 There are 0 ports with no output delay but with a timing clock defined on it or propagating through it


7. checking multiple_clock (0)
------------------------------
 There are 0 register/latch pins with multiple clocks.


8. checking generated_clocks (0)
--------------------------------
 There are 0 generated clocks that are not connected to a clock source.


9. checking loops (0)
---------------------
 There are 0 combinational loops in the design.


10. checking partial_input_delay (0)
------------------------------------
 There are 0 input ports with partial input delay specified.


11. checking partial_output_delay (0)
-------------------------------------
 There are 0 ports with partial output delay specified.


12. checking latch_loops (0)
----------------------------
 There are 0 combinational latch loops in the design through latch input



------------------------------------------------------------------------------------------------
| Design Timing Summary
| ---------------------
------------------------------------------------------------------------------------------------

    WNS(ns)      TNS(ns)  TNS Failing Endpoints  TNS Total Endpoints     WPWS(ns)     TPWS(ns)  TPWS Failing Endpoints  TPWS Total Endpoints  
    -------      -------  ---------------------  -------------------     --------     --------  ----------------------  --------------------  
      6.643        0.000                      0                   57        4.500        0.000                       0                    35  


All user specified timing constraints are met.


------------------------------------------------------------------------------------------------
| Clock Summary
| -------------
------------------------------------------------------------------------------------------------

Clock  Waveform(ns)       Period(ns)      Frequency(MHz)
-----  ------------       ----------      --------------
aclk   {0.000 5.000}      10.000          100.000         


------------------------------------------------------------------------------------------------
| Intra Clock Table
| -----------------
------------------------------------------------------------------------------------------------

Clock             WNS(ns)      TNS(ns)  TNS Failing Endpoints  TNS Total Endpoints     WPWS(ns)     TPWS(ns)  TPWS Failing Endpoints  TPWS Total Endpoints  
-----             -------      -------  ---------------------  -------------------     --------     --------  ----------------------  --------------------  
aclk                6.643        0.000                      0                   57        4.500        0.000                       0                    35  


------------------------------------------------------------------------------------------------
| Inter Clock Table
| -----------------
------------------------------------------------------------------------------------------------

From Clock    To Clock          WNS(ns)      TNS(ns)  TNS Failing Endpoints  TNS Total Endpoints  
----------    --------          -------      -------  ---------------------  -------------------  


------------------------------------------------------------------------------------------------
| Other Path Groups Table
| -----------------------
------------------------------------------------------------------------------------------------

Path Group    From Clock    To Clock          WNS(ns)      TNS(ns)  TNS Failing Endpoints  TNS Total Endpoints  
----------    ----------    --------          -------      -------  ---------------------  -------------------  


------------------------------------------------------------------------------------------------
| Timing Details
| --------------
------------------------------------------------------------------------------------------------


---------------------------------------------------------------------------------------------------
From Clock:  aclk
  To Clock:  aclk

Setup :            0  Failing Endpoints,  Worst Slack        6.643ns,  Total Violation        0.000ns
Hold  :           NA  Failing Endpoints,  Worst Slack           NA  ,  Total Violation           NA
PW    :            0  Failing Endpoints,  Worst Slack        4.500ns,  Total Violation        0.000ns
---------------------------------------------------------------------------------------------------


Max Delay Paths
--------------------------------------------------------------------------------------
Slack (MET) :             6.643ns  (required time - arrival time)
  Source:                 FSM_sequential_write_state_reg[0]/C
                            (rising edge-triggered cell FDCE clocked by aclk  {rise@0.000ns fall@5.000ns period=10.000ns})
  Destination:            timeout_irq_reg/D
                            (rising edge-triggered cell FDCE clocked by aclk  {rise@0.000ns fall@5.000ns period=10.000ns})
  Path Group:             aclk
  Path Type:              Setup (Max at Slow Process Corner)
  Requirement:            10.000ns  (aclk rise@10.000ns - aclk rise@0.000ns)
  Data Path Delay:        3.206ns  (logic 1.025ns (31.971%)  route 2.181ns (68.029%))
  Logic Levels:           3  (LUT4=1 LUT5=1 LUT6=1)
  Clock Path Skew:        -0.145ns (DCD - SCD + CPR)
    Destination Clock Delay (DCD):    2.079ns = ( 12.079 - 10.000 ) 
    Source Clock Delay      (SCD):    2.402ns
    Clock Pessimism Removal (CPR):    0.178ns
  Clock Uncertainty:      0.035ns  ((TSJ^2 + TIJ^2)^1/2 + DJ) / 2 + PE
    Total System Jitter     (TSJ):    0.071ns
    Total Input Jitter      (TIJ):    0.000ns
    Discrete Jitter          (DJ):    0.000ns
    Phase Error              (PE):    0.000ns

    Location             Delay type                Incr(ns)  Path(ns)    Netlist Resource(s)
  -------------------------------------------------------------------    -------------------
                         (clock aclk rise edge)       0.000     0.000 r  
                                                      0.000     0.000 r  aclk (IN)
                         net (fo=0)                   0.000     0.000    aclk
                         IBUF (Prop_ibuf_I_O)         0.923     0.923 r  aclk_IBUF_inst/O
                         net (fo=1, unplaced)         0.800     1.722    aclk_IBUF
                         BUFG (Prop_bufg_I_O)         0.096     1.818 r  aclk_IBUF_BUFG_inst/O
                         net (fo=34, unplaced)        0.584     2.402    aclk_IBUF_BUFG
                         FDCE                                         r  FSM_sequential_write_state_reg[0]/C
  -------------------------------------------------------------------    -------------------
                         FDCE (Prop_fdce_C_Q)         0.456     2.858 r  FSM_sequential_write_state_reg[0]/Q
                         net (fo=20, unplaced)        0.801     3.659    write_state__0[0]
                         LUT4 (Prop_lut4_I1_O)        0.321     3.980 r  w_timeout_cnt[3]_i_4/O
                         net (fo=3, unplaced)         0.467     4.447    w_timeout_cnt[3]_i_4_n_0
                         LUT6 (Prop_lut6_I1_O)        0.124     4.571 r  timeout_status[1]_i_1/O
                         net (fo=2, unplaced)         0.913     5.484    timeout_status[1]_i_1_n_0
                         LUT5 (Prop_lut5_I2_O)        0.124     5.608 r  timeout_irq_i_1/O
                         net (fo=1, unplaced)         0.000     5.608    p_0_in
                         FDCE                                         r  timeout_irq_reg/D
  -------------------------------------------------------------------    -------------------

                         (clock aclk rise edge)      10.000    10.000 r  
                                                      0.000    10.000 r  aclk (IN)
                         net (fo=0)                   0.000    10.000    aclk
                         IBUF (Prop_ibuf_I_O)         0.789    10.789 r  aclk_IBUF_inst/O
                         net (fo=1, unplaced)         0.760    11.549    aclk_IBUF
                         BUFG (Prop_bufg_I_O)         0.091    11.640 r  aclk_IBUF_BUFG_inst/O
                         net (fo=34, unplaced)        0.439    12.079    aclk_IBUF_BUFG
                         FDCE                                         r  timeout_irq_reg/C
                         clock pessimism              0.178    12.257    
                         clock uncertainty           -0.035    12.222    
                         FDCE (Setup_fdce_C_D)        0.029    12.251    timeout_irq_reg
  -------------------------------------------------------------------
                         required time                         12.251    
                         arrival time                          -5.608    
  -------------------------------------------------------------------
                         slack                                  6.643    

Slack (MET) :             6.965ns  (required time - arrival time)
  Source:                 FSM_sequential_write_state_reg[0]/C
                            (rising edge-triggered cell FDCE clocked by aclk  {rise@0.000ns fall@5.000ns period=10.000ns})
  Destination:            timeout_status_reg[0]/CE
                            (rising edge-triggered cell FDCE clocked by aclk  {rise@0.000ns fall@5.000ns period=10.000ns})
  Path Group:             aclk
  Path Type:              Setup (Max at Slow Process Corner)
  Requirement:            10.000ns  (aclk rise@10.000ns - aclk rise@0.000ns)
  Data Path Delay:        2.653ns  (logic 0.901ns (33.962%)  route 1.752ns (66.038%))
  Logic Levels:           2  (LUT4=1 LUT6=1)
  Clock Path Skew:        -0.145ns (DCD - SCD + CPR)
    Destination Clock Delay (DCD):    2.079ns = ( 12.079 - 10.000 ) 
    Source Clock Delay      (SCD):    2.402ns
    Clock Pessimism Removal (CPR):    0.178ns
  Clock Uncertainty:      0.035ns  ((TSJ^2 + TIJ^2)^1/2 + DJ) / 2 + PE
    Total System Jitter     (TSJ):    0.071ns
    Total Input Jitter      (TIJ):    0.000ns
    Discrete Jitter          (DJ):    0.000ns
    Phase Error              (PE):    0.000ns

    Location             Delay type                Incr(ns)  Path(ns)    Netlist Resource(s)
  -------------------------------------------------------------------    -------------------
                         (clock aclk rise edge)       0.000     0.000 r  
                                                      0.000     0.000 r  aclk (IN)
                         net (fo=0)                   0.000     0.000    aclk
                         IBUF (Prop_ibuf_I_O)         0.923     0.923 r  aclk_IBUF_inst/O
                         net (fo=1, unplaced)         0.800     1.722    aclk_IBUF
                         BUFG (Prop_bufg_I_O)         0.096     1.818 r  aclk_IBUF_BUFG_inst/O
                         net (fo=34, unplaced)        0.584     2.402    aclk_IBUF_BUFG
                         FDCE                                         r  FSM_sequential_write_state_reg[0]/C
  -------------------------------------------------------------------    -------------------
                         FDCE (Prop_fdce_C_Q)         0.456     2.858 f  FSM_sequential_write_state_reg[0]/Q
                         net (fo=20, unplaced)        0.801     3.659    write_state__0[0]
                         LUT4 (Prop_lut4_I1_O)        0.321     3.980 r  aw_timeout_cnt[3]_i_4/O
                         net (fo=3, unplaced)         0.467     4.447    aw_timeout_cnt[3]_i_4_n_0
                         LUT6 (Prop_lut6_I5_O)        0.124     4.571 r  timeout_status[0]_i_1/O
                         net (fo=2, unplaced)         0.484     5.055    timeout_status[0]_i_1_n_0
                         FDCE                                         r  timeout_status_reg[0]/CE
  -------------------------------------------------------------------    -------------------

                         (clock aclk rise edge)      10.000    10.000 r  
                                                      0.000    10.000 r  aclk (IN)
                         net (fo=0)                   0.000    10.000    aclk
                         IBUF (Prop_ibuf_I_O)         0.789    10.789 r  aclk_IBUF_inst/O
                         net (fo=1, unplaced)         0.760    11.549    aclk_IBUF
                         BUFG (Prop_bufg_I_O)         0.091    11.640 r  aclk_IBUF_BUFG_inst/O
                         net (fo=34, unplaced)        0.439    12.079    aclk_IBUF_BUFG
                         FDCE                                         r  timeout_status_reg[0]/C
                         clock pessimism              0.178    12.257    
                         clock uncertainty           -0.035    12.222    
                         FDCE (Setup_fdce_C_CE)      -0.202    12.020    timeout_status_reg[0]
  -------------------------------------------------------------------
                         required time                         12.020    
                         arrival time                          -5.055    
  -------------------------------------------------------------------
                         slack                                  6.965    

Slack (MET) :             6.965ns  (required time - arrival time)
  Source:                 FSM_sequential_write_state_reg[0]/C
                            (rising edge-triggered cell FDCE clocked by aclk  {rise@0.000ns fall@5.000ns period=10.000ns})
  Destination:            timeout_status_reg[1]/CE
                            (rising edge-triggered cell FDCE clocked by aclk  {rise@0.000ns fall@5.000ns period=10.000ns})
  Path Group:             aclk
  Path Type:              Setup (Max at Slow Process Corner)
  Requirement:            10.000ns  (aclk rise@10.000ns - aclk rise@0.000ns)
  Data Path Delay:        2.653ns  (logic 0.901ns (33.962%)  route 1.752ns (66.038%))
  Logic Levels:           2  (LUT4=1 LUT6=1)
  Clock Path Skew:        -0.145ns (DCD - SCD + CPR)
    Destination Clock Delay (DCD):    2.079ns = ( 12.079 - 10.000 ) 
    Source Clock Delay      (SCD):    2.402ns
    Clock Pessimism Removal (CPR):    0.178ns
  Clock Uncertainty:      0.035ns  ((TSJ^2 + TIJ^2)^1/2 + DJ) / 2 + PE
    Total System Jitter     (TSJ):    0.071ns
    Total Input Jitter      (TIJ):    0.000ns
    Discrete Jitter          (DJ):    0.000ns
    Phase Error              (PE):    0.000ns

    Location             Delay type                Incr(ns)  Path(ns)    Netlist Resource(s)
  -------------------------------------------------------------------    -------------------
                         (clock aclk rise edge)       0.000     0.000 r  
                                                      0.000     0.000 r  aclk (IN)
                         net (fo=0)                   0.000     0.000    aclk
                         IBUF (Prop_ibuf_I_O)         0.923     0.923 r  aclk_IBUF_inst/O
                         net (fo=1, unplaced)         0.800     1.722    aclk_IBUF
                         BUFG (Prop_bufg_I_O)         0.096     1.818 r  aclk_IBUF_BUFG_inst/O
                         net (fo=34, unplaced)        0.584     2.402    aclk_IBUF_BUFG
                         FDCE                                         r  FSM_sequential_write_state_reg[0]/C
  -------------------------------------------------------------------    -------------------
                         FDCE (Prop_fdce_C_Q)         0.456     2.858 r  FSM_sequential_write_state_reg[0]/Q
                         net (fo=20, unplaced)        0.801     3.659    write_state__0[0]
                         LUT4 (Prop_lut4_I1_O)        0.321     3.980 r  w_timeout_cnt[3]_i_4/O
                         net (fo=3, unplaced)         0.467     4.447    w_timeout_cnt[3]_i_4_n_0
                         LUT6 (Prop_lut6_I1_O)        0.124     4.571 r  timeout_status[1]_i_1/O
                         net (fo=2, unplaced)         0.484     5.055    timeout_status[1]_i_1_n_0
                         FDCE                                         r  timeout_status_reg[1]/CE
  -------------------------------------------------------------------    -------------------

                         (clock aclk rise edge)      10.000    10.000 r  
                                                      0.000    10.000 r  aclk (IN)
                         net (fo=0)                   0.000    10.000    aclk
                         IBUF (Prop_ibuf_I_O)         0.789    10.789 r  aclk_IBUF_inst/O
                         net (fo=1, unplaced)         0.760    11.549    aclk_IBUF
                         BUFG (Prop_bufg_I_O)         0.091    11.640 r  aclk_IBUF_BUFG_inst/O
                         net (fo=34, unplaced)        0.439    12.079    aclk_IBUF_BUFG
                         FDCE                                         r  timeout_status_reg[1]/C
                         clock pessimism              0.178    12.257    
                         clock uncertainty           -0.035    12.222    
                         FDCE (Setup_fdce_C_CE)      -0.202    12.020    timeout_status_reg[1]
  -------------------------------------------------------------------
                         required time                         12.020    
                         arrival time                          -5.055    
  -------------------------------------------------------------------
                         slack                                  6.965    

Slack (MET) :             6.965ns  (required time - arrival time)
  Source:                 FSM_sequential_write_state_reg[1]/C
                            (rising edge-triggered cell FDCE clocked by aclk  {rise@0.000ns fall@5.000ns period=10.000ns})
  Destination:            timeout_status_reg[2]/CE
                            (rising edge-triggered cell FDCE clocked by aclk  {rise@0.000ns fall@5.000ns period=10.000ns})
  Path Group:             aclk
  Path Type:              Setup (Max at Slow Process Corner)
  Requirement:            10.000ns  (aclk rise@10.000ns - aclk rise@0.000ns)
  Data Path Delay:        2.653ns  (logic 0.901ns (33.962%)  route 1.752ns (66.038%))
  Logic Levels:           2  (LUT4=1 LUT6=1)
  Clock Path Skew:        -0.145ns (DCD - SCD + CPR)
    Destination Clock Delay (DCD):    2.079ns = ( 12.079 - 10.000 ) 
    Source Clock Delay      (SCD):    2.402ns
    Clock Pessimism Removal (CPR):    0.178ns
  Clock Uncertainty:      0.035ns  ((TSJ^2 + TIJ^2)^1/2 + DJ) / 2 + PE
    Total System Jitter     (TSJ):    0.071ns
    Total Input Jitter      (TIJ):    0.000ns
    Discrete Jitter          (DJ):    0.000ns
    Phase Error              (PE):    0.000ns

    Location             Delay type                Incr(ns)  Path(ns)    Netlist Resource(s)
  -------------------------------------------------------------------    -------------------
                         (clock aclk rise edge)       0.000     0.000 r  
                                                      0.000     0.000 r  aclk (IN)
                         net (fo=0)                   0.000     0.000    aclk
                         IBUF (Prop_ibuf_I_O)         0.923     0.923 r  aclk_IBUF_inst/O
                         net (fo=1, unplaced)         0.800     1.722    aclk_IBUF
                         BUFG (Prop_bufg_I_O)         0.096     1.818 r  aclk_IBUF_BUFG_inst/O
                         net (fo=34, unplaced)        0.584     2.402    aclk_IBUF_BUFG
                         FDCE                                         r  FSM_sequential_write_state_reg[1]/C
  -------------------------------------------------------------------    -------------------
                         FDCE (Prop_fdce_C_Q)         0.456     2.858 r  FSM_sequential_write_state_reg[1]/Q
                         net (fo=20, unplaced)        0.801     3.659    write_state__0[1]
                         LUT4 (Prop_lut4_I1_O)        0.321     3.980 r  b_timeout_cnt[3]_i_4/O
                         net (fo=3, unplaced)         0.467     4.447    b_timeout_cnt[3]_i_4_n_0
                         LUT6 (Prop_lut6_I1_O)        0.124     4.571 r  timeout_status[2]_i_1/O
                         net (fo=2, unplaced)         0.484     5.055    timeout_status[2]_i_1_n_0
                         FDCE                                         r  timeout_status_reg[2]/CE
  -------------------------------------------------------------------    -------------------

                         (clock aclk rise edge)      10.000    10.000 r  
                                                      0.000    10.000 r  aclk (IN)
                         net (fo=0)                   0.000    10.000    aclk
                         IBUF (Prop_ibuf_I_O)         0.789    10.789 r  aclk_IBUF_inst/O
                         net (fo=1, unplaced)         0.760    11.549    aclk_IBUF
                         BUFG (Prop_bufg_I_O)         0.091    11.640 r  aclk_IBUF_BUFG_inst/O
                         net (fo=34, unplaced)        0.439    12.079    aclk_IBUF_BUFG
                         FDCE                                         r  timeout_status_reg[2]/C
                         clock pessimism              0.178    12.257    
                         clock uncertainty           -0.035    12.222    
                         FDCE (Setup_fdce_C_CE)      -0.202    12.020    timeout_status_reg[2]
  -------------------------------------------------------------------
                         required time                         12.020    
                         arrival time                          -5.055    
  -------------------------------------------------------------------
                         slack                                  6.965    

Slack (MET) :             7.013ns  (required time - arrival time)
  Source:                 aw_timeout_cnt_reg[0]/C
                            (rising edge-triggered cell FDCE clocked by aclk  {rise@0.000ns fall@5.000ns period=10.000ns})
  Destination:            aw_timeout_cnt_reg[0]/CE
                            (rising edge-triggered cell FDCE clocked by aclk  {rise@0.000ns fall@5.000ns period=10.000ns})
  Path Group:             aclk
  Path Type:              Setup (Max at Slow Process Corner)
  Requirement:            10.000ns  (aclk rise@10.000ns - aclk rise@0.000ns)
  Data Path Delay:        2.605ns  (logic 0.875ns (33.589%)  route 1.730ns (66.411%))
  Logic Levels:           2  (LUT4=1 LUT6=1)
  Clock Path Skew:        -0.145ns (DCD - SCD + CPR)
    Destination Clock Delay (DCD):    2.079ns = ( 12.079 - 10.000 ) 
    Source Clock Delay      (SCD):    2.402ns
    Clock Pessimism Removal (CPR):    0.178ns
  Clock Uncertainty:      0.035ns  ((TSJ^2 + TIJ^2)^1/2 + DJ) / 2 + PE
    Total System Jitter     (TSJ):    0.071ns
    Total Input Jitter      (TIJ):    0.000ns
    Discrete Jitter          (DJ):    0.000ns
    Phase Error              (PE):    0.000ns

    Location             Delay type                Incr(ns)  Path(ns)    Netlist Resource(s)
  -------------------------------------------------------------------    -------------------
                         (clock aclk rise edge)       0.000     0.000 r  
                                                      0.000     0.000 r  aclk (IN)
                         net (fo=0)                   0.000     0.000    aclk
                         IBUF (Prop_ibuf_I_O)         0.923     0.923 r  aclk_IBUF_inst/O
                         net (fo=1, unplaced)         0.800     1.722    aclk_IBUF
                         BUFG (Prop_bufg_I_O)         0.096     1.818 r  aclk_IBUF_BUFG_inst/O
                         net (fo=34, unplaced)        0.584     2.402    aclk_IBUF_BUFG
                         FDCE                                         r  aw_timeout_cnt_reg[0]/C
  -------------------------------------------------------------------    -------------------
                         FDCE (Prop_fdce_C_Q)         0.456     2.858 f  aw_timeout_cnt_reg[0]/Q
                         net (fo=6, unplaced)         0.773     3.631    aw_timeout_cnt_reg_n_0_[0]
                         LUT4 (Prop_lut4_I1_O)        0.295     3.926 r  aw_timeout_cnt[3]_i_3/O
                         net (fo=2, unplaced)         0.460     4.386    aw_timeout_cnt[3]_i_3_n_0
                         LUT6 (Prop_lut6_I0_O)        0.124     4.510 r  aw_timeout_cnt[3]_i_1/O
                         net (fo=4, unplaced)         0.497     5.007    aw_timeout_cnt
                         FDCE                                         r  aw_timeout_cnt_reg[0]/CE
  -------------------------------------------------------------------    -------------------

                         (clock aclk rise edge)      10.000    10.000 r  
                                                      0.000    10.000 r  aclk (IN)
                         net (fo=0)                   0.000    10.000    aclk
                         IBUF (Prop_ibuf_I_O)         0.789    10.789 r  aclk_IBUF_inst/O
                         net (fo=1, unplaced)         0.760    11.549    aclk_IBUF
                         BUFG (Prop_bufg_I_O)         0.091    11.640 r  aclk_IBUF_BUFG_inst/O
                         net (fo=34, unplaced)        0.439    12.079    aclk_IBUF_BUFG
                         FDCE                                         r  aw_timeout_cnt_reg[0]/C
                         clock pessimism              0.178    12.257    
                         clock uncertainty           -0.035    12.222    
                         FDCE (Setup_fdce_C_CE)      -0.202    12.020    aw_timeout_cnt_reg[0]
  -------------------------------------------------------------------
                         required time                         12.020    
                         arrival time                          -5.007    
  -------------------------------------------------------------------
                         slack                                  7.013    

Slack (MET) :             7.013ns  (required time - arrival time)
  Source:                 aw_timeout_cnt_reg[0]/C
                            (rising edge-triggered cell FDCE clocked by aclk  {rise@0.000ns fall@5.000ns period=10.000ns})
  Destination:            aw_timeout_cnt_reg[1]/CE
                            (rising edge-triggered cell FDCE clocked by aclk  {rise@0.000ns fall@5.000ns period=10.000ns})
  Path Group:             aclk
  Path Type:              Setup (Max at Slow Process Corner)
  Requirement:            10.000ns  (aclk rise@10.000ns - aclk rise@0.000ns)
  Data Path Delay:        2.605ns  (logic 0.875ns (33.589%)  route 1.730ns (66.411%))
  Logic Levels:           2  (LUT4=1 LUT6=1)
  Clock Path Skew:        -0.145ns (DCD - SCD + CPR)
    Destination Clock Delay (DCD):    2.079ns = ( 12.079 - 10.000 ) 
    Source Clock Delay      (SCD):    2.402ns
    Clock Pessimism Removal (CPR):    0.178ns
  Clock Uncertainty:      0.035ns  ((TSJ^2 + TIJ^2)^1/2 + DJ) / 2 + PE
    Total System Jitter     (TSJ):    0.071ns
    Total Input Jitter      (TIJ):    0.000ns
    Discrete Jitter          (DJ):    0.000ns
    Phase Error              (PE):    0.000ns

    Location             Delay type                Incr(ns)  Path(ns)    Netlist Resource(s)
  -------------------------------------------------------------------    -------------------
                         (clock aclk rise edge)       0.000     0.000 r  
                                                      0.000     0.000 r  aclk (IN)
                         net (fo=0)                   0.000     0.000    aclk
                         IBUF (Prop_ibuf_I_O)         0.923     0.923 r  aclk_IBUF_inst/O
                         net (fo=1, unplaced)         0.800     1.722    aclk_IBUF
                         BUFG (Prop_bufg_I_O)         0.096     1.818 r  aclk_IBUF_BUFG_inst/O
                         net (fo=34, unplaced)        0.584     2.402    aclk_IBUF_BUFG
                         FDCE                                         r  aw_timeout_cnt_reg[0]/C
  -------------------------------------------------------------------    -------------------
                         FDCE (Prop_fdce_C_Q)         0.456     2.858 f  aw_timeout_cnt_reg[0]/Q
                         net (fo=6, unplaced)         0.773     3.631    aw_timeout_cnt_reg_n_0_[0]
                         LUT4 (Prop_lut4_I1_O)        0.295     3.926 r  aw_timeout_cnt[3]_i_3/O
                         net (fo=2, unplaced)         0.460     4.386    aw_timeout_cnt[3]_i_3_n_0
                         LUT6 (Prop_lut6_I0_O)        0.124     4.510 r  aw_timeout_cnt[3]_i_1/O
                         net (fo=4, unplaced)         0.497     5.007    aw_timeout_cnt
                         FDCE                                         r  aw_timeout_cnt_reg[1]/CE
  -------------------------------------------------------------------    -------------------

                         (clock aclk rise edge)      10.000    10.000 r  
                                                      0.000    10.000 r  aclk (IN)
                         net (fo=0)                   0.000    10.000    aclk
                         IBUF (Prop_ibuf_I_O)         0.789    10.789 r  aclk_IBUF_inst/O
                         net (fo=1, unplaced)         0.760    11.549    aclk_IBUF
                         BUFG (Prop_bufg_I_O)         0.091    11.640 r  aclk_IBUF_BUFG_inst/O
                         net (fo=34, unplaced)        0.439    12.079    aclk_IBUF_BUFG
                         FDCE                                         r  aw_timeout_cnt_reg[1]/C
                         clock pessimism              0.178    12.257    
                         clock uncertainty           -0.035    12.222    
                         FDCE (Setup_fdce_C_CE)      -0.202    12.020    aw_timeout_cnt_reg[1]
  -------------------------------------------------------------------
                         required time                         12.020    
                         arrival time                          -5.007    
  -------------------------------------------------------------------
                         slack                                  7.013    

Slack (MET) :             7.013ns  (required time - arrival time)
  Source:                 aw_timeout_cnt_reg[0]/C
                            (rising edge-triggered cell FDCE clocked by aclk  {rise@0.000ns fall@5.000ns period=10.000ns})
  Destination:            aw_timeout_cnt_reg[2]/CE
                            (rising edge-triggered cell FDCE clocked by aclk  {rise@0.000ns fall@5.000ns period=10.000ns})
  Path Group:             aclk
  Path Type:              Setup (Max at Slow Process Corner)
  Requirement:            10.000ns  (aclk rise@10.000ns - aclk rise@0.000ns)
  Data Path Delay:        2.605ns  (logic 0.875ns (33.589%)  route 1.730ns (66.411%))
  Logic Levels:           2  (LUT4=1 LUT6=1)
  Clock Path Skew:        -0.145ns (DCD - SCD + CPR)
    Destination Clock Delay (DCD):    2.079ns = ( 12.079 - 10.000 ) 
    Source Clock Delay      (SCD):    2.402ns
    Clock Pessimism Removal (CPR):    0.178ns
  Clock Uncertainty:      0.035ns  ((TSJ^2 + TIJ^2)^1/2 + DJ) / 2 + PE
    Total System Jitter     (TSJ):    0.071ns
    Total Input Jitter      (TIJ):    0.000ns
    Discrete Jitter          (DJ):    0.000ns
    Phase Error              (PE):    0.000ns

    Location             Delay type                Incr(ns)  Path(ns)    Netlist Resource(s)
  -------------------------------------------------------------------    -------------------
                         (clock aclk rise edge)       0.000     0.000 r  
                                                      0.000     0.000 r  aclk (IN)
                         net (fo=0)                   0.000     0.000    aclk
                         IBUF (Prop_ibuf_I_O)         0.923     0.923 r  aclk_IBUF_inst/O
                         net (fo=1, unplaced)         0.800     1.722    aclk_IBUF
                         BUFG (Prop_bufg_I_O)         0.096     1.818 r  aclk_IBUF_BUFG_inst/O
                         net (fo=34, unplaced)        0.584     2.402    aclk_IBUF_BUFG
                         FDCE                                         r  aw_timeout_cnt_reg[0]/C
  -------------------------------------------------------------------    -------------------
                         FDCE (Prop_fdce_C_Q)         0.456     2.858 f  aw_timeout_cnt_reg[0]/Q
                         net (fo=6, unplaced)         0.773     3.631    aw_timeout_cnt_reg_n_0_[0]
                         LUT4 (Prop_lut4_I1_O)        0.295     3.926 r  aw_timeout_cnt[3]_i_3/O
                         net (fo=2, unplaced)         0.460     4.386    aw_timeout_cnt[3]_i_3_n_0
                         LUT6 (Prop_lut6_I0_O)        0.124     4.510 r  aw_timeout_cnt[3]_i_1/O
                         net (fo=4, unplaced)         0.497     5.007    aw_timeout_cnt
                         FDCE                                         r  aw_timeout_cnt_reg[2]/CE
  -------------------------------------------------------------------    -------------------

                         (clock aclk rise edge)      10.000    10.000 r  
                                                      0.000    10.000 r  aclk (IN)
                         net (fo=0)                   0.000    10.000    aclk
                         IBUF (Prop_ibuf_I_O)         0.789    10.789 r  aclk_IBUF_inst/O
                         net (fo=1, unplaced)         0.760    11.549    aclk_IBUF
                         BUFG (Prop_bufg_I_O)         0.091    11.640 r  aclk_IBUF_BUFG_inst/O
                         net (fo=34, unplaced)        0.439    12.079    aclk_IBUF_BUFG
                         FDCE                                         r  aw_timeout_cnt_reg[2]/C
                         clock pessimism              0.178    12.257    
                         clock uncertainty           -0.035    12.222    
                         FDCE (Setup_fdce_C_CE)      -0.202    12.020    aw_timeout_cnt_reg[2]
  -------------------------------------------------------------------
                         required time                         12.020    
                         arrival time                          -5.007    
  -------------------------------------------------------------------
                         slack                                  7.013    

Slack (MET) :             7.013ns  (required time - arrival time)
  Source:                 aw_timeout_cnt_reg[0]/C
                            (rising edge-triggered cell FDCE clocked by aclk  {rise@0.000ns fall@5.000ns period=10.000ns})
  Destination:            aw_timeout_cnt_reg[3]/CE
                            (rising edge-triggered cell FDCE clocked by aclk  {rise@0.000ns fall@5.000ns period=10.000ns})
  Path Group:             aclk
  Path Type:              Setup (Max at Slow Process Corner)
  Requirement:            10.000ns  (aclk rise@10.000ns - aclk rise@0.000ns)
  Data Path Delay:        2.605ns  (logic 0.875ns (33.589%)  route 1.730ns (66.411%))
  Logic Levels:           2  (LUT4=1 LUT6=1)
  Clock Path Skew:        -0.145ns (DCD - SCD + CPR)
    Destination Clock Delay (DCD):    2.079ns = ( 12.079 - 10.000 ) 
    Source Clock Delay      (SCD):    2.402ns
    Clock Pessimism Removal (CPR):    0.178ns
  Clock Uncertainty:      0.035ns  ((TSJ^2 + TIJ^2)^1/2 + DJ) / 2 + PE
    Total System Jitter     (TSJ):    0.071ns
    Total Input Jitter      (TIJ):    0.000ns
    Discrete Jitter          (DJ):    0.000ns
    Phase Error              (PE):    0.000ns

    Location             Delay type                Incr(ns)  Path(ns)    Netlist Resource(s)
  -------------------------------------------------------------------    -------------------
                         (clock aclk rise edge)       0.000     0.000 r  
                                                      0.000     0.000 r  aclk (IN)
                         net (fo=0)                   0.000     0.000    aclk
                         IBUF (Prop_ibuf_I_O)         0.923     0.923 r  aclk_IBUF_inst/O
                         net (fo=1, unplaced)         0.800     1.722    aclk_IBUF
                         BUFG (Prop_bufg_I_O)         0.096     1.818 r  aclk_IBUF_BUFG_inst/O
                         net (fo=34, unplaced)        0.584     2.402    aclk_IBUF_BUFG
                         FDCE                                         r  aw_timeout_cnt_reg[0]/C
  -------------------------------------------------------------------    -------------------
                         FDCE (Prop_fdce_C_Q)         0.456     2.858 f  aw_timeout_cnt_reg[0]/Q
                         net (fo=6, unplaced)         0.773     3.631    aw_timeout_cnt_reg_n_0_[0]
                         LUT4 (Prop_lut4_I1_O)        0.295     3.926 r  aw_timeout_cnt[3]_i_3/O
                         net (fo=2, unplaced)         0.460     4.386    aw_timeout_cnt[3]_i_3_n_0
                         LUT6 (Prop_lut6_I0_O)        0.124     4.510 r  aw_timeout_cnt[3]_i_1/O
                         net (fo=4, unplaced)         0.497     5.007    aw_timeout_cnt
                         FDCE                                         r  aw_timeout_cnt_reg[3]/CE
  -------------------------------------------------------------------    -------------------

                         (clock aclk rise edge)      10.000    10.000 r  
                                                      0.000    10.000 r  aclk (IN)
                         net (fo=0)                   0.000    10.000    aclk
                         IBUF (Prop_ibuf_I_O)         0.789    10.789 r  aclk_IBUF_inst/O
                         net (fo=1, unplaced)         0.760    11.549    aclk_IBUF
                         BUFG (Prop_bufg_I_O)         0.091    11.640 r  aclk_IBUF_BUFG_inst/O
                         net (fo=34, unplaced)        0.439    12.079    aclk_IBUF_BUFG
                         FDCE                                         r  aw_timeout_cnt_reg[3]/C
                         clock pessimism              0.178    12.257    
                         clock uncertainty           -0.035    12.222    
                         FDCE (Setup_fdce_C_CE)      -0.202    12.020    aw_timeout_cnt_reg[3]
  -------------------------------------------------------------------
                         required time                         12.020    
                         arrival time                          -5.007    
  -------------------------------------------------------------------
                         slack                                  7.013    

Slack (MET) :             7.013ns  (required time - arrival time)
  Source:                 b_timeout_cnt_reg[0]/C
                            (rising edge-triggered cell FDCE clocked by aclk  {rise@0.000ns fall@5.000ns period=10.000ns})
  Destination:            b_timeout_cnt_reg[0]/CE
                            (rising edge-triggered cell FDCE clocked by aclk  {rise@0.000ns fall@5.000ns period=10.000ns})
  Path Group:             aclk
  Path Type:              Setup (Max at Slow Process Corner)
  Requirement:            10.000ns  (aclk rise@10.000ns - aclk rise@0.000ns)
  Data Path Delay:        2.605ns  (logic 0.875ns (33.589%)  route 1.730ns (66.411%))
  Logic Levels:           2  (LUT4=1 LUT6=1)
  Clock Path Skew:        -0.145ns (DCD - SCD + CPR)
    Destination Clock Delay (DCD):    2.079ns = ( 12.079 - 10.000 ) 
    Source Clock Delay      (SCD):    2.402ns
    Clock Pessimism Removal (CPR):    0.178ns
  Clock Uncertainty:      0.035ns  ((TSJ^2 + TIJ^2)^1/2 + DJ) / 2 + PE
    Total System Jitter     (TSJ):    0.071ns
    Total Input Jitter      (TIJ):    0.000ns
    Discrete Jitter          (DJ):    0.000ns
    Phase Error              (PE):    0.000ns

    Location             Delay type                Incr(ns)  Path(ns)    Netlist Resource(s)
  -------------------------------------------------------------------    -------------------
                         (clock aclk rise edge)       0.000     0.000 r  
                                                      0.000     0.000 r  aclk (IN)
                         net (fo=0)                   0.000     0.000    aclk
                         IBUF (Prop_ibuf_I_O)         0.923     0.923 r  aclk_IBUF_inst/O
                         net (fo=1, unplaced)         0.800     1.722    aclk_IBUF
                         BUFG (Prop_bufg_I_O)         0.096     1.818 r  aclk_IBUF_BUFG_inst/O
                         net (fo=34, unplaced)        0.584     2.402    aclk_IBUF_BUFG
                         FDCE                                         r  b_timeout_cnt_reg[0]/C
  -------------------------------------------------------------------    -------------------
                         FDCE (Prop_fdce_C_Q)         0.456     2.858 f  b_timeout_cnt_reg[0]/Q
                         net (fo=6, unplaced)         0.773     3.631    b_timeout_cnt_reg_n_0_[0]
                         LUT4 (Prop_lut4_I1_O)        0.295     3.926 r  b_timeout_cnt[3]_i_3/O
                         net (fo=2, unplaced)         0.460     4.386    b_timeout_cnt[3]_i_3_n_0
                         LUT6 (Prop_lut6_I0_O)        0.124     4.510 r  b_timeout_cnt[3]_i_1/O
                         net (fo=4, unplaced)         0.497     5.007    b_timeout_cnt
                         FDCE                                         r  b_timeout_cnt_reg[0]/CE
  -------------------------------------------------------------------    -------------------

                         (clock aclk rise edge)      10.000    10.000 r  
                                                      0.000    10.000 r  aclk (IN)
                         net (fo=0)                   0.000    10.000    aclk
                         IBUF (Prop_ibuf_I_O)         0.789    10.789 r  aclk_IBUF_inst/O
                         net (fo=1, unplaced)         0.760    11.549    aclk_IBUF
                         BUFG (Prop_bufg_I_O)         0.091    11.640 r  aclk_IBUF_BUFG_inst/O
                         net (fo=34, unplaced)        0.439    12.079    aclk_IBUF_BUFG
                         FDCE                                         r  b_timeout_cnt_reg[0]/C
                         clock pessimism              0.178    12.257    
                         clock uncertainty           -0.035    12.222    
                         FDCE (Setup_fdce_C_CE)      -0.202    12.020    b_timeout_cnt_reg[0]
  -------------------------------------------------------------------
                         required time                         12.020    
                         arrival time                          -5.007    
  -------------------------------------------------------------------
                         slack                                  7.013    

Slack (MET) :             7.013ns  (required time - arrival time)
  Source:                 b_timeout_cnt_reg[0]/C
                            (rising edge-triggered cell FDCE clocked by aclk  {rise@0.000ns fall@5.000ns period=10.000ns})
  Destination:            b_timeout_cnt_reg[1]/CE
                            (rising edge-triggered cell FDCE clocked by aclk  {rise@0.000ns fall@5.000ns period=10.000ns})
  Path Group:             aclk
  Path Type:              Setup (Max at Slow Process Corner)
  Requirement:            10.000ns  (aclk rise@10.000ns - aclk rise@0.000ns)
  Data Path Delay:        2.605ns  (logic 0.875ns (33.589%)  route 1.730ns (66.411%))
  Logic Levels:           2  (LUT4=1 LUT6=1)
  Clock Path Skew:        -0.145ns (DCD - SCD + CPR)
    Destination Clock Delay (DCD):    2.079ns = ( 12.079 - 10.000 ) 
    Source Clock Delay      (SCD):    2.402ns
    Clock Pessimism Removal (CPR):    0.178ns
  Clock Uncertainty:      0.035ns  ((TSJ^2 + TIJ^2)^1/2 + DJ) / 2 + PE
    Total System Jitter     (TSJ):    0.071ns
    Total Input Jitter      (TIJ):    0.000ns
    Discrete Jitter          (DJ):    0.000ns
    Phase Error              (PE):    0.000ns

    Location             Delay type                Incr(ns)  Path(ns)    Netlist Resource(s)
  -------------------------------------------------------------------    -------------------
                         (clock aclk rise edge)       0.000     0.000 r  
                                                      0.000     0.000 r  aclk (IN)
                         net (fo=0)                   0.000     0.000    aclk
                         IBUF (Prop_ibuf_I_O)         0.923     0.923 r  aclk_IBUF_inst/O
                         net (fo=1, unplaced)         0.800     1.722    aclk_IBUF
                         BUFG (Prop_bufg_I_O)         0.096     1.818 r  aclk_IBUF_BUFG_inst/O
                         net (fo=34, unplaced)        0.584     2.402    aclk_IBUF_BUFG
                         FDCE                                         r  b_timeout_cnt_reg[0]/C
  -------------------------------------------------------------------    -------------------
                         FDCE (Prop_fdce_C_Q)         0.456     2.858 f  b_timeout_cnt_reg[0]/Q
                         net (fo=6, unplaced)         0.773     3.631    b_timeout_cnt_reg_n_0_[0]
                         LUT4 (Prop_lut4_I1_O)        0.295     3.926 r  b_timeout_cnt[3]_i_3/O
                         net (fo=2, unplaced)         0.460     4.386    b_timeout_cnt[3]_i_3_n_0
                         LUT6 (Prop_lut6_I0_O)        0.124     4.510 r  b_timeout_cnt[3]_i_1/O
                         net (fo=4, unplaced)         0.497     5.007    b_timeout_cnt
                         FDCE                                         r  b_timeout_cnt_reg[1]/CE
  -------------------------------------------------------------------    -------------------

                         (clock aclk rise edge)      10.000    10.000 r  
                                                      0.000    10.000 r  aclk (IN)
                         net (fo=0)                   0.000    10.000    aclk
                         IBUF (Prop_ibuf_I_O)         0.789    10.789 r  aclk_IBUF_inst/O
                         net (fo=1, unplaced)         0.760    11.549    aclk_IBUF
                         BUFG (Prop_bufg_I_O)         0.091    11.640 r  aclk_IBUF_BUFG_inst/O
                         net (fo=34, unplaced)        0.439    12.079    aclk_IBUF_BUFG
                         FDCE                                         r  b_timeout_cnt_reg[1]/C
                         clock pessimism              0.178    12.257    
                         clock uncertainty           -0.035    12.222    
                         FDCE (Setup_fdce_C_CE)      -0.202    12.020    b_timeout_cnt_reg[1]
  -------------------------------------------------------------------
                         required time                         12.020    
                         arrival time                          -5.007    
  -------------------------------------------------------------------
                         slack                                  7.013    





Pulse Width Checks
--------------------------------------------------------------------------------------
Clock Name:         aclk
Waveform(ns):       { 0.000 5.000 }
Period(ns):         10.000
Sources:            { aclk }

Check Type        Corner  Lib Pin  Reference Pin  Required(ns)  Actual(ns)  Slack(ns)  Location  Pin
Min Period        n/a     BUFG/I   n/a            2.155         10.000      7.845                aclk_IBUF_BUFG_inst/I
Min Period        n/a     FDCE/C   n/a            1.000         10.000      9.000                FSM_sequential_write_state_reg[0]/C
Min Period        n/a     FDCE/C   n/a            1.000         10.000      9.000                FSM_sequential_write_state_reg[1]/C
Min Period        n/a     FDCE/C   n/a            1.000         10.000      9.000                ar_timeout_cnt_reg[0]/C
Min Period        n/a     FDCE/C   n/a            1.000         10.000      9.000                ar_timeout_cnt_reg[1]/C
Min Period        n/a     FDCE/C   n/a            1.000         10.000      9.000                ar_timeout_cnt_reg[2]/C
Min Period        n/a     FDCE/C   n/a            1.000         10.000      9.000                ar_timeout_cnt_reg[3]/C
Min Period        n/a     FDCE/C   n/a            1.000         10.000      9.000                ar_timeout_reported_reg/C
Min Period        n/a     FDCE/C   n/a            1.000         10.000      9.000                aw_timeout_cnt_reg[0]/C
Min Period        n/a     FDCE/C   n/a            1.000         10.000      9.000                aw_timeout_cnt_reg[1]/C
Low Pulse Width   Slow    FDCE/C   n/a            0.500         5.000       4.500                FSM_sequential_write_state_reg[0]/C
Low Pulse Width   Fast    FDCE/C   n/a            0.500         5.000       4.500                FSM_sequential_write_state_reg[0]/C
Low Pulse Width   Slow    FDCE/C   n/a            0.500         5.000       4.500                FSM_sequential_write_state_reg[1]/C
Low Pulse Width   Fast    FDCE/C   n/a            0.500         5.000       4.500                FSM_sequential_write_state_reg[1]/C
Low Pulse Width   Slow    FDCE/C   n/a            0.500         5.000       4.500                ar_timeout_cnt_reg[0]/C
Low Pulse Width   Fast    FDCE/C   n/a            0.500         5.000       4.500                ar_timeout_cnt_reg[0]/C
Low Pulse Width   Slow    FDCE/C   n/a            0.500         5.000       4.500                ar_timeout_cnt_reg[1]/C
Low Pulse Width   Fast    FDCE/C   n/a            0.500         5.000       4.500                ar_timeout_cnt_reg[1]/C
Low Pulse Width   Slow    FDCE/C   n/a            0.500         5.000       4.500                ar_timeout_cnt_reg[2]/C
Low Pulse Width   Fast    FDCE/C   n/a            0.500         5.000       4.500                ar_timeout_cnt_reg[2]/C
High Pulse Width  Slow    FDCE/C   n/a            0.500         5.000       4.500                FSM_sequential_write_state_reg[0]/C
High Pulse Width  Slow    FDCE/C   n/a            0.500         5.000       4.500                FSM_sequential_write_state_reg[1]/C
High Pulse Width  Slow    FDCE/C   n/a            0.500         5.000       4.500                ar_timeout_cnt_reg[0]/C
High Pulse Width  Slow    FDCE/C   n/a            0.500         5.000       4.500                ar_timeout_cnt_reg[1]/C
High Pulse Width  Slow    FDCE/C   n/a            0.500         5.000       4.500                ar_timeout_cnt_reg[2]/C
High Pulse Width  Slow    FDCE/C   n/a            0.500         5.000       4.500                ar_timeout_cnt_reg[3]/C
High Pulse Width  Slow    FDCE/C   n/a            0.500         5.000       4.500                ar_timeout_reported_reg/C
High Pulse Width  Slow    FDCE/C   n/a            0.500         5.000       4.500                aw_timeout_cnt_reg[0]/C
High Pulse Width  Slow    FDCE/C   n/a            0.500         5.000       4.500                aw_timeout_cnt_reg[1]/C
High Pulse Width  Slow    FDCE/C   n/a            0.500         5.000       4.500                aw_timeout_cnt_reg[2]/C



